 KRNL32

 Timestamp is 5742977b (Sun May 22 23:39:07 2016)

 Preferred load address is c0000000

 Start         Length     Name                   Class
 0001:00000000 00003543H .text                   CODE
 0002:00000000 00000704H .rdata                  DATA
 0003:00000000 00000004H .CRT$XCA                DATA
 0003:00000004 00000004H .CRT$XCZ                DATA
 0003:00000008 00000170H .data                   DATA
 0003:00000178 000008b8H .bss                    DATA
 0004:00000000 00000058H .rsrc$01                DATA
 0004:00000060 000003c0H .rsrc$02                DATA

  Address         Publics by Value              Rva+Base       Lib:Object

 0000:00000000       ___safe_se_handler_count   00000000     <absolute>
 0000:00000000       ___safe_se_handler_table   00000000     <absolute>
 0001:00000000       ?kernel_entry@@YAXPAUmultiboot_info@@@Z c0000400 f   entry.obj
 0001:00000040       ?init@@YAXPAUmultiboot_info@@@Z c0000440 f   main.obj
 0001:000001d0       ?sleep@@YAXH@Z             c00005d0 f   main.obj
 0001:00000200       ?get_cmd@@YAXPADH@Z        c0000600 f   main.obj
 0001:00000310       ?cmd_read_sect@@YAXXZ      c0000710 f   main.obj
 0001:000003e0       ?run_cmd@@YA_NPAD@Z        c00007e0 f   main.obj
 0001:000004b0       ?run@@YAXXZ                c00008b0 f   main.obj
 0001:000004e0       ?kmain@@YAHPAUmultiboot_info@@@Z c00008e0 f   main.obj
 0001:00000540       ?scroll@@YAXXZ             c0000940 f   DebugDisplay.obj
 0001:000005b0       ?DebugPutc@@YAXE@Z         c00009b0 f   DebugDisplay.obj
 0001:00000660       ?itoa@@YAXIIPAD@Z          c0000a60 f   DebugDisplay.obj
 0001:000006c0       ?itoa_s@@YAXHIPAD@Z        c0000ac0 f   DebugDisplay.obj
 0001:000006f0       ?DebugSetColor@@YAII@Z     c0000af0 f   DebugDisplay.obj
 0001:00000710       ?DebugGotoXY@@YAXII@Z      c0000b10 f   DebugDisplay.obj
 0001:00000740       ?DebugGetXY@@YAXPAI0@Z     c0000b40 f   DebugDisplay.obj
 0001:00000770       ?DebugGetHorz@@YAHXZ       c0000b70 f   DebugDisplay.obj
 0001:00000780       ?DebugClrScr@@YAXE@Z       c0000b80 f   DebugDisplay.obj
 0001:000007d0       ?DebugPuts@@YAXPAD@Z       c0000bd0 f   DebugDisplay.obj
 0001:00000810       ?DebugPrintf@@YAHPBDZZ     c0000c10 f   DebugDisplay.obj
 0001:00000a70       ?divide_by_zero_fault@@YAXIIII@Z c0000e70 f   exception.obj
 0001:00000aa0       ?single_step_trap@@YAXIII@Z c0000ea0 f   exception.obj
 0001:00000ac0       ?nmi_trap@@YAXIII@Z        c0000ec0 f   exception.obj
 0001:00000ae0       ?breakpoint_trap@@YAXIII@Z c0000ee0 f   exception.obj
 0001:00000b00       ?overflow_trap@@YAXIII@Z   c0000f00 f   exception.obj
 0001:00000b20       ?bounds_check_fault@@YAXIII@Z c0000f20 f   exception.obj
 0001:00000b40       ?invalid_opcode_fault@@YAXIII@Z c0000f40 f   exception.obj
 0001:00000b60       ?no_device_fault@@YAXIII@Z c0000f60 f   exception.obj
 0001:00000b80       ?double_fault_abort@@YAXIIII@Z c0000f80 f   exception.obj
 0001:00000ba0       ?invalid_tss_fault@@YAXIIII@Z c0000fa0 f   exception.obj
 0001:00000bc0       ?no_segment_fault@@YAXIIII@Z c0000fc0 f   exception.obj
 0001:00000be0       ?stack_fault@@YAXIIII@Z    c0000fe0 f   exception.obj
 0001:00000c00       ?general_protection_fault@@YAXIIII@Z c0001000 f   exception.obj
 0001:00000c20       ?page_fault@@YAXIIII@Z     c0001020 f   exception.obj
 0001:00000c40       ?fpu_fault@@YAXIII@Z       c0001040 f   exception.obj
 0001:00000c60       ?alignment_check_fault@@YAXIIII@Z c0001060 f   exception.obj
 0001:00000c80       ?machine_check_abort@@YAXIII@Z c0001080 f   exception.obj
 0001:00000ca0       ?simd_fpu_fault@@YAXIII@Z  c00010a0 f   exception.obj
 0001:00000cc0       ?pmmngr_init_region@@YAXII@Z c00010c0 f   mmngr_phys.obj
 0001:00000d30       ?pmmngr_deinit_region@@YAXII@Z c0001130 f   mmngr_phys.obj
 0001:00000d90       ?pmmngr_paging_enable@@YAX_N@Z c0001190 f   mmngr_phys.obj
 0001:00000dc0       ?pmmngr_load_PDBR@@YAXI@Z  c00011c0 f   mmngr_phys.obj
 0001:00000dd0       ?mmap_first_free@@YAHXZ    c00011d0 f   mmngr_phys.obj
 0001:00000e20       ?mmap_first_free_s@@YAHI@Z c0001220 f   mmngr_phys.obj
 0001:00000f20       ?pmmngr_init@@YAXII@Z      c0001320 f   mmngr_phys.obj
 0001:00000f60       ?pmmngr_alloc_block@@YAPAXXZ c0001360 f   mmngr_phys.obj
 0001:00000fc0       ?pmmngr_alloc_blocks@@YAPAXI@Z c00013c0 f   mmngr_phys.obj
 0001:00001040       ?vmmngr_initialize@@YAXXZ  c0001440 f   mmngr_virtual.obj
 0001:00001190       ?kernel_panic@@YAXPBDZZ    c0001590 f   panic.obj
 0001:000011e0       ?pd_entry_add_attrib@@YAXPAII@Z c00015e0 f i vmmngr_pde.obj
 0001:000011e0       ?pt_entry_add_attrib@@YAXPAII@Z c00015e0 f i vmmngr_pte.obj
 0001:000011f0       ?pd_entry_set_frame@@YAXPAII@Z c00015f0 f i vmmngr_pde.obj
 0001:000011f0       ?pt_entry_set_frame@@YAXPAII@Z c00015f0 f i vmmngr_pte.obj
 0001:00001210       ?kkybrd_set_leds@@YAX_N00@Z c0001610 f   keyboard:kybrd.obj
 0001:00001270       ?kkybrd_get_last_key@@YA?AW4KEYCODE@@XZ c0001670 f   keyboard:kybrd.obj
 0001:00001290       ?kkybrd_discard_last_key@@YAXXZ c0001690 f   keyboard:kybrd.obj
 0001:000012a0       ?kkybrd_key_to_ascii@@YADW4KEYCODE@@@Z c00016a0 f   keyboard:kybrd.obj
 0001:000013e0       ?i86_kybrd_irq@@YAXXZ      c00017e0 f   keyboard:kybrd.obj
 0001:000015c0       ?kkybrd_install@@YAXH@Z    c00019c0 f   keyboard:kybrd.obj
 0001:00001640       ?dma_initialize_floppy@@YA_NPAEI@Z c0001a40 f   floppydisk:flpydsk.obj
 0001:000016d0       ?flpydsk_set_dma@@YAXH@Z   c0001ad0 f   floppydisk:flpydsk.obj
 0001:000016e0       ?flpydsk_read_status@@YAEXZ c0001ae0 f   floppydisk:flpydsk.obj
 0001:000016f0       ?flpydsk_write_dor@@YAXE@Z c0001af0 f   floppydisk:flpydsk.obj
 0001:00001710       ?flpydsk_send_command@@YAXE@Z c0001b10 f   floppydisk:flpydsk.obj
 0001:00001750       ?flpydsk_read_data@@YAEXZ  c0001b50 f   floppydisk:flpydsk.obj
 0001:00001790       ?flpydsk_write_ccr@@YAXE@Z c0001b90 f   floppydisk:flpydsk.obj
 0001:000017b0       ?i86_flpy_irq@@YAXXZ       c0001bb0 f   floppydisk:flpydsk.obj
 0001:000017d0       ?flpydsk_check_int@@YAXPAI0@Z c0001bd0 f   floppydisk:flpydsk.obj
 0001:00001800       ?flpydsk_control_motor@@YAX_N@Z c0001c00 f   floppydisk:flpydsk.obj
 0001:00001870       ?flpydsk_drive_data@@YAXEEE_N@Z c0001c70 f   floppydisk:flpydsk.obj
 0001:000018b0       ?flpydsk_calibrate@@YAHE@Z c0001cb0 f   floppydisk:flpydsk.obj
 0001:00001a80       ?flpydsk_disable_controller@@YAXXZ c0001e80 f   floppydisk:flpydsk.obj
 0001:00001a90       ?flpydsk_enable_controller@@YAXXZ c0001e90 f   floppydisk:flpydsk.obj
 0001:00001aa0       ?flpydsk_reset@@YAXXZ      c0001ea0 f   floppydisk:flpydsk.obj
 0001:00001c40       ?flpydsk_read_sector_imp@@YAXEEE@Z c0002040 f   floppydisk:flpydsk.obj
 0001:00001db0       ?flpydsk_seek@@YAHEE@Z     c00021b0 f   floppydisk:flpydsk.obj
 0001:00001f40       ?flpydsk_lba_to_chs@@YAXHPAH00@Z c0002340 f   floppydisk:flpydsk.obj
 0001:00001fb0       ?flpydsk_install@@YAXH@Z   c00023b0 f   floppydisk:flpydsk.obj
 0001:00001ff0       ?flpydsk_set_working_drive@@YAXE@Z c00023f0 f   floppydisk:flpydsk.obj
 0001:00002000       ?flpydsk_get_working_drive@@YAEXZ c0002400 f   floppydisk:flpydsk.obj
 0001:00002010       ?flpydsk_read_sector@@YAPAEH@Z c0002410 f   floppydisk:flpydsk.obj
 0001:00002100       ?_initterm@@YAXPAP6AXXZ0@Z c0002500 f   lib:cstd.obj
 0001:00002130       ?_atexit_init@@YAXXZ       c0002530 f   lib:cstd.obj
 0001:00002150       _atexit                    c0002550 f   lib:cstd.obj
 0001:000021a0       ?Exit@@YAXXZ               c00025a0 f   lib:cstd.obj
 0001:000021e0       ?InitializeConstructors@@YAXXZ c00025e0 f   lib:cstd.obj
 0001:00002200       ?_purecall_handler@@YAHXZ  c0002600 f   lib:cstd.obj
 0001:00002210       __CIcos                    c0002610 f   lib:cstd.obj
 0001:00002220       __CIsin                    c0002620 f   lib:cstd.obj
 0001:00002230       __CIsqrt                   c0002630 f   lib:cstd.obj
 0001:00002240       __ftol2_sse                c0002640 f   lib:cstd.obj
 0001:00002250       __aullshr                  c0002650 f   lib:cstd.obj
 0001:00002270       ??2@YAPAXI@Z               c0002670 f   lib:cstd.obj
 0001:00002280       ??_U@YAPAXI@Z              c0002680 f   lib:cstd.obj
 0001:00002290       ??3@YAXPAX@Z               c0002690 f   lib:cstd.obj
 0001:000022a0       ??_V@YAXPAX@Z              c00026a0 f   lib:cstd.obj
 0001:000022b0       ?vsprintf@@YAHPADPBDPAE@Z  c00026b0 f   lib:stdio.obj
 0001:00002540       ?strtol@@YAJPBDPAPADH@Z    c0002940 f   lib:stdio.obj
 0001:000027a0       ?strtoul@@YAKPBDPAPADH@Z   c0002ba0 f   lib:stdio.obj
 0001:000029e0       ?atoi@@YAHPBD@Z            c0002de0 f   lib:stdio.obj
 0001:00002a00       ?strcmp@@YAHPBD0@Z         c0002e00 f   lib:string.obj
 0001:00002a60       ?strcpy@@YAPADPADPBD@Z     c0002e60 f   lib:string.obj
 0001:00002aa0       ?strlen@@YAIPBD@Z          c0002ea0 f   lib:string.obj
 0001:00002ad0       ?memcpy@@YAPAXPAXPBXI@Z    c0002ed0 f   lib:string.obj
 0001:00002b20       ?memset@@YAPAXPAXDI@Z      c0002f20 f   lib:string.obj
 0001:00002b50       ?memsetw@@YAPAGPAGGI@Z     c0002f50 f   lib:string.obj
 0001:00002b90       ?hal_shutdown@@YAHXZ       c0002f90 f   hal:Hal.obj
 0001:00002ba0       ?geninterrupt@@YAXH@Z      c0002fa0 f   hal:Hal.obj
 0001:00002bc0       ?inportb@@YAEG@Z           c0002fc0 f   hal:Hal.obj
 0001:00002bd0       ?outportb@@YAXGE@Z         c0002fd0 f   hal:Hal.obj
 0001:00002be0       ?enable@@YAXXZ             c0002fe0 f   hal:Hal.obj
 0001:00002bf0       ?disable@@YAXXZ            c0002ff0 f   hal:Hal.obj
 0001:00002c00       ?setvect@@YAXHA6AXXZ@Z     c0003000 f   hal:Hal.obj
 0001:00002c20       ?getvect@@YAP6AXXZH@Z      c0003020 f   hal:Hal.obj
 0001:00002c50       ?get_cpu_vender@@YAPBDXZ   c0003050 f   hal:Hal.obj
 0001:00002c60       ?get_tick_count@@YAHXZ     c0003060 f   hal:Hal.obj
 0001:00002c70       ?hal_initialize@@YAHXZ     c0003070 f   hal:Hal.obj
 0001:00002ca0       ?sound@@YAXI@Z             c00030a0 f   hal:Hal.obj
 0001:00002cc0       ?interruptdone@@YAXI@Z     c00030c0 f i hal:Hal.obj
 0001:00002cf0       ?dma_mask_channel@@YAXE@Z  c00030f0 f   hal:dma.obj
 0001:00002d30       ?dma_unmask_channel@@YAXE@Z c0003130 f   hal:dma.obj
 0001:00002d60       ?dma_unmask_all@@YAXH@Z    c0003160 f   hal:dma.obj
 0001:00002d80       ?dma_reset@@YAXH@Z         c0003180 f   hal:dma.obj
 0001:00002d90       ?dma_reset_flipflop@@YAXH@Z c0003190 f   hal:dma.obj
 0001:00002dc0       ?dma_set_address@@YAXEEE@Z c00031c0 f   hal:dma.obj
 0001:00002e50       ?dma_set_count@@YAXEEE@Z   c0003250 f   hal:dma.obj
 0001:00002ee0       ?dma_set_mode@@YAXEE@Z     c00032e0 f   hal:dma.obj
 0001:00002f60       ?dma_set_read@@YAXE@Z      c0003360 f   hal:dma.obj
 0001:00002f70       ?dma_set_write@@YAXE@Z     c0003370 f   hal:dma.obj
 0001:00002f80       ?dma_set_external_page_register@@YAXEE@Z c0003380 f   hal:dma.obj
 0001:00003010       ?i86_cpu_initialize@@YAHXZ c0003410 f   hal:cpu.obj
 0001:00003030       ?i86_cpu_shutdown@@YAXXZ   c0003430 f   hal:cpu.obj
 0001:00003040       ?i86_cpu_get_vender@@YAPADXZ c0003440 f   hal:cpu.obj
 0001:00003070       ?i86_cpu_flush_caches@@YAXXZ c0003470 f   hal:cpu.obj
 0001:00003080       ?i86_cpu_flush_caches_write@@YAXXZ c0003480 f   hal:cpu.obj
 0001:00003090       ?i86_cpu_flush_tlb_entry@@YAXI@Z c0003490 f   hal:cpu.obj
 0001:000030a0       ?i86_pic_send_command@@YAXEE@Z c00034a0 f i hal:pic.obj
 0001:000030d0       ?i86_pic_initialize@@YAXEE@Z c00034d0 f   hal:pic.obj
 0001:00003160       ?i86_get_ir@@YAPAUidt_descriptor@@I@Z c0003560 f   hal:idt.obj
 0001:00003180       ?i86_install_ir@@YAHIGGP6AXXZ@Z c0003580 f   hal:idt.obj
 0001:000031d0       ?i86_idt_initialize@@YAHG@Z c00035d0 f   hal:idt.obj
 0001:00003260       ?i86_pit_irq@@YAXXZ        c0003660 f   hal:pit.obj
 0001:00003280       ?i86_pit_set_tick_count@@YAII@Z c0003680 f   hal:pit.obj
 0001:00003290       ?i86_pit_get_tick_count@@YAIXZ c0003690 f   hal:pit.obj
 0001:000032a0       ?i86_pit_send_command@@YAXE@Z c00036a0 f   hal:pit.obj
 0001:000032b0       ?i86_pit_send_data@@YAXGE@Z c00036b0 f   hal:pit.obj
 0001:000032e0       ?i86_pit_read_data@@YAEG@Z c00036e0 f   hal:pit.obj
 0001:00003320       ?i86_pit_start_counter@@YAXIEE@Z c0003720 f   hal:pit.obj
 0001:00003380       ?i86_pit_initialize@@YAXXZ c0003780 f   hal:pit.obj
 0001:000033a0       ?i86_pit_is_initialized@@YA_NXZ c00037a0 f   hal:pit.obj
 0001:000033c0       ?gdt_set_descriptor@@YAXI_K0EE@Z c00037c0 f   hal:gdt.obj
 0001:00003450       ?i86_gdt_get_descriptor@@YAPAUgdt_descriptor@@H@Z c0003850 f   hal:gdt.obj
 0001:00003470       ?i86_gdt_initialize@@YAHXZ c0003870 f   hal:gdt.obj
 0002:00000000       ??_C@_0DB@CDMKGOAJ@?6kernel_entry?3?5shutdown?5complete@ c0003a00     entry.obj
 0002:00000034       ??_C@_0L@MLJAOFLB@?6Command?$DO?5?$AA@ c0003a34     main.obj
 0002:00000040       ??_C@_0CF@JJECCION@?6?$AN?$CK?$CK?$CK?5Error?5reading?5sector?5from?5@ c0003a40     main.obj
 0002:00000068       ??_C@_07HLIDHFKP@?6?$ANDone?4?$AA@ c0003a68     main.obj
 0002:00000070       ??_C@_0BO@OEDGIEJ@?6?$ANPress?5any?5key?5to?5continue?6?$AN?$AA@ c0003a70     main.obj
 0002:00000090       ??_C@_05NLGPLALJ@0x?$CFx?5?$AA@ c0003a90     main.obj
 0002:00000098       ??_C@_0BJ@ECMCOPFG@?6?$ANSector?5?$CFi?5contents?3?6?6?$AN?$AA@ c0003a98     main.obj
 0002:000000b4       ??_C@_0DE@DFEJCBIF@?6?$ANPlease?5type?5in?5the?5sector?5numb@ c0003ab4     main.obj
 0002:000000e8       ??_C@_0BA@CIFAFMB@?6Unkown?5command?$AA@ c0003ae8     main.obj
 0002:000000f8       ??_C@_04POLDLDMI@read?$AA@ c0003af8     main.obj
 0002:00000100       ??_C@_0DG@ELCNPNPM@?5?9?5reset?3?5Resets?5and?5recalibrate@ c0003b00     main.obj
 0002:00000138       ??_C@_0DJ@GPHPHACD@?5?9?5read?3?5reads?5a?5specific?5sector@ c0003b38     main.obj
 0002:00000174       ??_C@_0CA@LKFEMAAC@?5?9?5help?3?5displays?5this?5message?6?$AA@ c0003b74     main.obj
 0002:00000194       ??_C@_0BM@JJGNGCAH@?5?9?5cls?3?5clears?5the?5display?6?$AA@ c0003b94     main.obj
 0002:000001b0       ??_C@_0CF@IDBIJBJM@?5?9?5exit?3?5quits?5and?5halts?5the?5sys@ c0003bb0     main.obj
 0002:000001d8       ??_C@_0BF@EGIGJNNM@Supported?5commands?3?6?$AA@ c0003bd8     main.obj
 0002:000001f0       ??_C@_0CN@PMECOBJC@?6OS?5Development?5Series?5DMAC?5Prog@ c0003bf0     main.obj
 0002:00000220       ??_C@_04PCJFHION@help?$AA@ c0003c20     main.obj
 0002:00000228       ??_C@_03LCPHGAHP@cls?$AA@  c0003c28     main.obj
 0002:0000022c       ??_C@_04MKNBDEPB@exit?$AA@ c0003c2c     main.obj
 0002:00000234       ??_C@_0CE@DNKFOACM@?6Exit?5command?5recieved?$DL?5demo?5hal@ c0003c34     main.obj
 0002:00000258       ??_C@_0DL@FPFEFPFC@?$CL?9?9?9?9?9?9?9?9?9?9?9?9?9?9?9?9?9?9?9?9?9?9?9?9?9?9?9?9?9?9?9@ c0003c58     main.obj
 0002:00000294       ??_C@_0DF@BBBHLI@?6Type?5?$CCexit?$CC?5to?5quit?0?5?$CChelp?$CC?5for@ c0003c94     main.obj
 0002:000002cc       ??_C@_0CD@EJCPNGAE@OSDev?5Series?5DMAC?5Programming?5De@ c0003ccc     main.obj
 0002:000002f0       ??_C@_0EG@EFLEAAGH@Divide?5by?50?5at?5physical?5address?5@ c0003cf0     exception.obj
 0002:00000338       ??_C@_0M@HBBAMPBG@Single?5step?$AA@ c0003d38     exception.obj
 0002:00000344       ??_C@_08MAEPCHJN@NMI?5trap?$AA@ c0003d44     exception.obj
 0002:00000350       ??_C@_0BA@MJDBKJBI@Breakpoint?5trap?$AA@ c0003d50     exception.obj
 0002:00000360       ??_C@_0O@NPIPDPLG@Overflow?5trap?$AA@ c0003d60     exception.obj
 0002:00000370       ??_C@_0BD@OAFDEGEK@Bounds?5check?5fault?$AA@ c0003d70     exception.obj
 0002:00000384       ??_C@_0P@GJJPHHDN@Invalid?5opcode?$AA@ c0003d84     exception.obj
 0002:00000394       ??_C@_0BB@KJJKIIDM@Device?5not?5found?$AA@ c0003d94     exception.obj
 0002:000003a8       ??_C@_0N@EMHPBCJE@Double?5fault?$AA@ c0003da8     exception.obj
 0002:000003b8       ??_C@_0M@OLMALBPG@Invalid?5TSS?$AA@ c0003db8     exception.obj
 0002:000003c4       ??_C@_0BA@FIBIGBGL@Invalid?5segment?$AA@ c0003dc4     exception.obj
 0002:000003d4       ??_C@_0M@LEEDKLOB@Stack?5fault?$AA@ c0003dd4     exception.obj
 0002:000003e0       ??_C@_0BJ@JKJOCMHH@General?5Protection?5Fault?$AA@ c0003de0     exception.obj
 0002:000003fc       ??_C@_09ENEAMLC@FPU?5Fault?$AA@ c0003dfc     exception.obj
 0002:00000408       ??_C@_0BA@DLJHEABO@Alignment?5Check?$AA@ c0003e08     exception.obj
 0002:00000418       ??_C@_0O@LALCKNGJ@Machine?5Check?$AA@ c0003e18     exception.obj
 0002:00000428       ??_C@_0P@JHGCNKG@FPU?5SIMD?5fault?$AA@ c0003e28     exception.obj
 0002:00000438       ??_C@_0BJE@GLDABDHN@?5?5?5?5?5?5?5?5?5?5?5?5?5?5?5?5?5?5?5?5?5?5?5?5?5?5?5?5?5?5?5?5@ c0003e38     panic.obj
 0002:000005cc       ??_C@_0N@PFILFPHL@?$CK?$CK?$CK?5STOP?3?5?$CFs?$AA@ c0003fcc     panic.obj
 0002:000005e0       ??_C@_0BCE@IIDFFEFH@We?5apologize?0?5MOS?5has?5encountere@ c0003fe0     panic.obj
 0003:00000000       ?__xc_a@@3PAP6AXXZA        c0004200     lib:cstd.obj
 0003:00000004       ?__xc_z@@3PAP6AXXZA        c0004204     lib:cstd.obj
 0003:00000008       ?video_memory@@3PAGA       c0004208     DebugDisplay.obj
 0003:0000000c       ?bchars@@3PADA             c000420c     DebugDisplay.obj
 0003:0000016c       ?DMA_BUFFER@@3HA           c000436c     floppydisk:flpydsk.obj
 0003:00000174       __fltused                  c0004374     lib:cstd.obj
 0003:00000178       ?kernelSize@@3IA           c0004378     main.obj
 0003:00000184       ?tbuf@@3PADA               c0004384     DebugDisplay.obj
 0003:000001a4       ?cursor_x@@3EA             c00043a4     DebugDisplay.obj
 0003:000001a5       ?cursor_y@@3EA             c00043a5     DebugDisplay.obj
 0003:000001a6       ?_color@@3EA               c00043a6     DebugDisplay.obj
 0003:000001b8       ?_cur_directory@@3PAUpdirectory@@A c00043b8     mmngr_virtual.obj
 0003:000001bc       ?_cur_pdbr@@3IA            c00043bc     mmngr_virtual.obj

 entry point at        0000:00000000

 Static symbols

 0001:00003140       ?idt_install@@YAXXZ        c0003540 f   hal:idt.obj
 0001:00003150       ?i86_default_handler@@YAXXZ c0003550 f   hal:idt.obj
 0001:000033b0       ?gdt_install@@YAXXZ        c00037b0 f   hal:gdt.obj
