 KRNL32

 Timestamp is 5742991d (Sun May 22 23:46:05 2016)

 Preferred load address is c0000000

 Start         Length     Name                   Class
 0001:00000000 00003453H .text                   CODE
 0002:00000000 0000072aH .rdata                  DATA
 0003:00000000 00000004H .CRT$XCA                DATA
 0003:00000004 00000004H .CRT$XCZ                DATA
 0003:00000008 0000016cH .data                   DATA
 0003:00000178 00000d58H .bss                    DATA
 0004:00000000 00000058H .rsrc$01                DATA
 0004:00000060 000003c0H .rsrc$02                DATA

  Address         Publics by Value              Rva+Base       Lib:Object

 0000:00000000       ___safe_se_handler_count   00000000     <absolute>
 0000:00000000       ___safe_se_handler_table   00000000     <absolute>
 0001:00000000       ?kernel_entry@@YAXPAUmultiboot_info@@@Z c0000400 f   entry.obj
 0001:00000040       ?init@@YAXPAUmultiboot_info@@@Z c0000440 f   main.obj
 0001:000001d0       ?sleep@@YAXH@Z             c00005d0 f   main.obj
 0001:00000200       ?get_cmd@@YAXPADH@Z        c0000600 f   main.obj
 0001:00000310       ?cmd_read@@YAXXZ           c0000710 f   main.obj
 0001:00000440       ?run_cmd@@YA_NPAD@Z        c0000840 f   main.obj
 0001:00000510       ?run@@YAXXZ                c0000910 f   main.obj
 0001:00000540       ?kmain@@YAHPAUmultiboot_info@@@Z c0000940 f   main.obj
 0001:000005a0       ?scroll@@YAXXZ             c00009a0 f   DebugDisplay.obj
 0001:00000610       ?DebugPutc@@YAXE@Z         c0000a10 f   DebugDisplay.obj
 0001:000006c0       ?DebugSetColor@@YAII@Z     c0000ac0 f   DebugDisplay.obj
 0001:000006e0       ?DebugGotoXY@@YAXII@Z      c0000ae0 f   DebugDisplay.obj
 0001:00000710       ?DebugGetXY@@YAXPAI0@Z     c0000b10 f   DebugDisplay.obj
 0001:00000740       ?DebugGetHorz@@YAHXZ       c0000b40 f   DebugDisplay.obj
 0001:00000750       ?DebugClrScr@@YAXE@Z       c0000b50 f   DebugDisplay.obj
 0001:000007a0       ?DebugPuts@@YAXPAD@Z       c0000ba0 f   DebugDisplay.obj
 0001:000007e0       ?DebugPrintf@@YAHPBDZZ     c0000be0 f   DebugDisplay.obj
 0001:00000a40       ?divide_by_zero_fault@@YAXIIII@Z c0000e40 f   exception.obj
 0001:00000a70       ?single_step_trap@@YAXIII@Z c0000e70 f   exception.obj
 0001:00000a90       ?nmi_trap@@YAXIII@Z        c0000e90 f   exception.obj
 0001:00000ab0       ?breakpoint_trap@@YAXIII@Z c0000eb0 f   exception.obj
 0001:00000ad0       ?overflow_trap@@YAXIII@Z   c0000ed0 f   exception.obj
 0001:00000af0       ?bounds_check_fault@@YAXIII@Z c0000ef0 f   exception.obj
 0001:00000b10       ?invalid_opcode_fault@@YAXIII@Z c0000f10 f   exception.obj
 0001:00000b30       ?no_device_fault@@YAXIII@Z c0000f30 f   exception.obj
 0001:00000b50       ?double_fault_abort@@YAXIIII@Z c0000f50 f   exception.obj
 0001:00000b70       ?invalid_tss_fault@@YAXIIII@Z c0000f70 f   exception.obj
 0001:00000b90       ?no_segment_fault@@YAXIIII@Z c0000f90 f   exception.obj
 0001:00000bb0       ?stack_fault@@YAXIIII@Z    c0000fb0 f   exception.obj
 0001:00000bd0       ?general_protection_fault@@YAXIIII@Z c0000fd0 f   exception.obj
 0001:00000bf0       ?page_fault@@YAXIIII@Z     c0000ff0 f   exception.obj
 0001:00000c10       ?fpu_fault@@YAXIII@Z       c0001010 f   exception.obj
 0001:00000c30       ?alignment_check_fault@@YAXIIII@Z c0001030 f   exception.obj
 0001:00000c50       ?machine_check_abort@@YAXIII@Z c0001050 f   exception.obj
 0001:00000c70       ?simd_fpu_fault@@YAXIII@Z  c0001070 f   exception.obj
 0001:00000c90       ?volOpenFile@@YA?AU_FILE@@PBD@Z c0001090 f   fsys.obj
 0001:00000d00       ?volReadFile@@YAXPAU_FILE@@PAEI@Z c0001100 f   fsys.obj
 0001:00000d20       ?volRegisterFileSystem@@YAXPAU_FILE_SYSTEM@@I@Z c0001120 f   fsys.obj
 0001:00000d50       ?pmmngr_init_region@@YAXII@Z c0001150 f   mmngr_phys.obj
 0001:00000dc0       ?pmmngr_deinit_region@@YAXII@Z c00011c0 f   mmngr_phys.obj
 0001:00000e20       ?pmmngr_paging_enable@@YAX_N@Z c0001220 f   mmngr_phys.obj
 0001:00000e50       ?pmmngr_load_PDBR@@YAXI@Z  c0001250 f   mmngr_phys.obj
 0001:00000e60       ?mmap_first_free@@YAHXZ    c0001260 f   mmngr_phys.obj
 0001:00000eb0       ?mmap_first_free_s@@YAHI@Z c00012b0 f   mmngr_phys.obj
 0001:00000fb0       ?pmmngr_init@@YAXII@Z      c00013b0 f   mmngr_phys.obj
 0001:00000ff0       ?pmmngr_alloc_block@@YAPAXXZ c00013f0 f   mmngr_phys.obj
 0001:00001050       ?pmmngr_alloc_blocks@@YAPAXI@Z c0001450 f   mmngr_phys.obj
 0001:000010d0       ?vmmngr_initialize@@YAXXZ  c00014d0 f   mmngr_virtual.obj
 0001:000011a0       ?kernel_panic@@YAXPBDZZ    c00015a0 f   panic.obj
 0001:000011f0       ?pd_entry_add_attrib@@YAXPAII@Z c00015f0 f i vmmngr_pde.obj
 0001:000011f0       ?pt_entry_add_attrib@@YAXPAII@Z c00015f0 f i vmmngr_pte.obj
 0001:00001200       ?pt_entry_set_frame@@YAXPAII@Z c0001600 f i vmmngr_pte.obj
 0001:00001200       ?pd_entry_set_frame@@YAXPAII@Z c0001600 f i vmmngr_pde.obj
 0001:00001220       ?kkybrd_set_leds@@YAX_N00@Z c0001620 f   keyboard:kybrd.obj
 0001:00001280       ?kkybrd_get_last_key@@YA?AW4KEYCODE@@XZ c0001680 f   keyboard:kybrd.obj
 0001:000012a0       ?kkybrd_discard_last_key@@YAXXZ c00016a0 f   keyboard:kybrd.obj
 0001:000012b0       ?kkybrd_key_to_ascii@@YADW4KEYCODE@@@Z c00016b0 f   keyboard:kybrd.obj
 0001:000013f0       ?i86_kybrd_irq@@YAXXZ      c00017f0 f   keyboard:kybrd.obj
 0001:000015d0       ?kkybrd_install@@YAXH@Z    c00019d0 f   keyboard:kybrd.obj
 0001:00001650       ?dma_initialize_floppy@@YA_NPAEI@Z c0001a50 f   floppydisk:flpydsk.obj
 0001:000016e0       ?flpydsk_read_status@@YAEXZ c0001ae0 f   floppydisk:flpydsk.obj
 0001:000016f0       ?flpydsk_write_dor@@YAXE@Z c0001af0 f   floppydisk:flpydsk.obj
 0001:00001710       ?flpydsk_send_command@@YAXE@Z c0001b10 f   floppydisk:flpydsk.obj
 0001:00001750       ?flpydsk_read_data@@YAEXZ  c0001b50 f   floppydisk:flpydsk.obj
 0001:00001790       ?flpydsk_write_ccr@@YAXE@Z c0001b90 f   floppydisk:flpydsk.obj
 0001:000017b0       ?i86_flpy_irq@@YAXXZ       c0001bb0 f   floppydisk:flpydsk.obj
 0001:000017d0       ?flpydsk_check_int@@YAXPAI0@Z c0001bd0 f   floppydisk:flpydsk.obj
 0001:00001800       ?flpydsk_control_motor@@YAX_N@Z c0001c00 f   floppydisk:flpydsk.obj
 0001:00001870       ?flpydsk_drive_data@@YAXEEE_N@Z c0001c70 f   floppydisk:flpydsk.obj
 0001:000018b0       ?flpydsk_calibrate@@YAHE@Z c0001cb0 f   floppydisk:flpydsk.obj
 0001:00001a80       ?flpydsk_disable_controller@@YAXXZ c0001e80 f   floppydisk:flpydsk.obj
 0001:00001a90       ?flpydsk_enable_controller@@YAXXZ c0001e90 f   floppydisk:flpydsk.obj
 0001:00001aa0       ?flpydsk_reset@@YAXXZ      c0001ea0 f   floppydisk:flpydsk.obj
 0001:00001c40       ?flpydsk_read_sector_imp@@YAXEEE@Z c0002040 f   floppydisk:flpydsk.obj
 0001:00001db0       ?flpydsk_seek@@YAHEE@Z     c00021b0 f   floppydisk:flpydsk.obj
 0001:00001f40       ?flpydsk_lba_to_chs@@YAXHPAH00@Z c0002340 f   floppydisk:flpydsk.obj
 0001:00001fb0       ?flpydsk_install@@YAXH@Z   c00023b0 f   floppydisk:flpydsk.obj
 0001:00001ff0       ?flpydsk_set_working_drive@@YAXE@Z c00023f0 f   floppydisk:flpydsk.obj
 0001:00002000       ?flpydsk_get_working_drive@@YAEXZ c0002400 f   floppydisk:flpydsk.obj
 0001:00002010       ?flpydsk_read_sector@@YAPAEH@Z c0002410 f   floppydisk:flpydsk.obj
 0001:00002100       ?ToDosFileName@@YAXPBDPADI@Z c0002500 f   fat12:fat12.obj
 0001:00002220       ?fsysFatDirectory@@YA?AU_FILE@@PBD@Z c0002620 f   fat12:fat12.obj
 0001:000022f0       ?fsysFatRead@@YAXPAU_FILE@@PAEI@Z c00026f0 f   fat12:fat12.obj
 0001:000023b0       ?fsysFatClose@@YAXPAU_FILE@@@Z c00027b0 f   fat12:fat12.obj
 0001:000023c0       ?fsysFatOpenSubDir@@YA?AU_FILE@@U1@PBD@Z c00027c0 f   fat12:fat12.obj
 0001:000024b0       ?fsysFatOpen@@YA?AU_FILE@@PBD@Z c00028b0 f   fat12:fat12.obj
 0001:00002660       ?fsysFatMount@@YAXXZ       c0002a60 f   fat12:fat12.obj
 0001:000026d0       ?fsysFatInitialize@@YAXXZ  c0002ad0 f   fat12:fat12.obj
 0001:00002730       ?_initterm@@YAXPAP6AXXZ0@Z c0002b30 f   lib:cstd.obj
 0001:00002760       ?_atexit_init@@YAXXZ       c0002b60 f   lib:cstd.obj
 0001:00002780       _atexit                    c0002b80 f   lib:cstd.obj
 0001:000027d0       ?Exit@@YAXXZ               c0002bd0 f   lib:cstd.obj
 0001:00002810       ?InitializeConstructors@@YAXXZ c0002c10 f   lib:cstd.obj
 0001:00002830       ?_purecall_handler@@YAHXZ  c0002c30 f   lib:cstd.obj
 0001:00002840       __CIcos                    c0002c40 f   lib:cstd.obj
 0001:00002850       __CIsin                    c0002c50 f   lib:cstd.obj
 0001:00002860       __CIsqrt                   c0002c60 f   lib:cstd.obj
 0001:00002870       __ftol2_sse                c0002c70 f   lib:cstd.obj
 0001:00002880       __aullshr                  c0002c80 f   lib:cstd.obj
 0001:000028a0       ??2@YAPAXI@Z               c0002ca0 f   lib:cstd.obj
 0001:000028b0       ??_U@YAPAXI@Z              c0002cb0 f   lib:cstd.obj
 0001:000028c0       ??3@YAXPAX@Z               c0002cc0 f   lib:cstd.obj
 0001:000028d0       ??_V@YAXPAX@Z              c0002cd0 f   lib:cstd.obj
 0001:000028e0       ?strcmp@@YAHPBD0@Z         c0002ce0 f   lib:string.obj
 0001:00002940       ?strcpy@@YAPADPADPBD@Z     c0002d40 f   lib:string.obj
 0001:00002980       ?strlen@@YAIPBD@Z          c0002d80 f   lib:string.obj
 0001:000029b0       ?memcpy@@YAPAXPAXPBXI@Z    c0002db0 f   lib:string.obj
 0001:00002a00       ?memset@@YAPAXPAXDI@Z      c0002e00 f   lib:string.obj
 0001:00002a30       ?memsetw@@YAPAGPAGGI@Z     c0002e30 f   lib:string.obj
 0001:00002a70       ?strchr@@YAPADPADH@Z       c0002e70 f   lib:string.obj
 0001:00002aa0       ?hal_shutdown@@YAHXZ       c0002ea0 f   hal:Hal.obj
 0001:00002ab0       ?geninterrupt@@YAXH@Z      c0002eb0 f   hal:Hal.obj
 0001:00002ad0       ?inportb@@YAEG@Z           c0002ed0 f   hal:Hal.obj
 0001:00002ae0       ?outportb@@YAXGE@Z         c0002ee0 f   hal:Hal.obj
 0001:00002af0       ?enable@@YAXXZ             c0002ef0 f   hal:Hal.obj
 0001:00002b00       ?disable@@YAXXZ            c0002f00 f   hal:Hal.obj
 0001:00002b10       ?setvect@@YAXHA6AXXZ@Z     c0002f10 f   hal:Hal.obj
 0001:00002b30       ?getvect@@YAP6AXXZH@Z      c0002f30 f   hal:Hal.obj
 0001:00002b60       ?get_cpu_vender@@YAPBDXZ   c0002f60 f   hal:Hal.obj
 0001:00002b70       ?get_tick_count@@YAHXZ     c0002f70 f   hal:Hal.obj
 0001:00002b80       ?hal_initialize@@YAHXZ     c0002f80 f   hal:Hal.obj
 0001:00002bb0       ?sound@@YAXI@Z             c0002fb0 f   hal:Hal.obj
 0001:00002bd0       ?interruptdone@@YAXI@Z     c0002fd0 f i hal:Hal.obj
 0001:00002c00       ?dma_mask_channel@@YAXE@Z  c0003000 f   hal:dma.obj
 0001:00002c40       ?dma_unmask_channel@@YAXE@Z c0003040 f   hal:dma.obj
 0001:00002c70       ?dma_unmask_all@@YAXH@Z    c0003070 f   hal:dma.obj
 0001:00002c90       ?dma_reset@@YAXH@Z         c0003090 f   hal:dma.obj
 0001:00002ca0       ?dma_reset_flipflop@@YAXH@Z c00030a0 f   hal:dma.obj
 0001:00002cd0       ?dma_set_address@@YAXEEE@Z c00030d0 f   hal:dma.obj
 0001:00002d60       ?dma_set_count@@YAXEEE@Z   c0003160 f   hal:dma.obj
 0001:00002df0       ?dma_set_mode@@YAXEE@Z     c00031f0 f   hal:dma.obj
 0001:00002e70       ?dma_set_read@@YAXE@Z      c0003270 f   hal:dma.obj
 0001:00002e80       ?dma_set_write@@YAXE@Z     c0003280 f   hal:dma.obj
 0001:00002e90       ?dma_set_external_page_register@@YAXEE@Z c0003290 f   hal:dma.obj
 0001:00002f20       ?i86_cpu_initialize@@YAHXZ c0003320 f   hal:cpu.obj
 0001:00002f40       ?i86_cpu_shutdown@@YAXXZ   c0003340 f   hal:cpu.obj
 0001:00002f50       ?i86_cpu_get_vender@@YAPADXZ c0003350 f   hal:cpu.obj
 0001:00002f80       ?i86_cpu_flush_caches@@YAXXZ c0003380 f   hal:cpu.obj
 0001:00002f90       ?i86_cpu_flush_caches_write@@YAXXZ c0003390 f   hal:cpu.obj
 0001:00002fa0       ?i86_cpu_flush_tlb_entry@@YAXI@Z c00033a0 f   hal:cpu.obj
 0001:00002fb0       ?i86_pic_send_command@@YAXEE@Z c00033b0 f i hal:pic.obj
 0001:00002fe0       ?i86_pic_initialize@@YAXEE@Z c00033e0 f   hal:pic.obj
 0001:00003070       ?i86_get_ir@@YAPAUidt_descriptor@@I@Z c0003470 f   hal:idt.obj
 0001:00003090       ?i86_install_ir@@YAHIGGP6AXXZ@Z c0003490 f   hal:idt.obj
 0001:000030e0       ?i86_idt_initialize@@YAHG@Z c00034e0 f   hal:idt.obj
 0001:00003170       ?i86_pit_irq@@YAXXZ        c0003570 f   hal:pit.obj
 0001:00003190       ?i86_pit_set_tick_count@@YAII@Z c0003590 f   hal:pit.obj
 0001:000031a0       ?i86_pit_get_tick_count@@YAIXZ c00035a0 f   hal:pit.obj
 0001:000031b0       ?i86_pit_send_command@@YAXE@Z c00035b0 f   hal:pit.obj
 0001:000031c0       ?i86_pit_send_data@@YAXGE@Z c00035c0 f   hal:pit.obj
 0001:000031f0       ?i86_pit_read_data@@YAEG@Z c00035f0 f   hal:pit.obj
 0001:00003230       ?i86_pit_start_counter@@YAXIEE@Z c0003630 f   hal:pit.obj
 0001:00003290       ?i86_pit_initialize@@YAXXZ c0003690 f   hal:pit.obj
 0001:000032b0       ?i86_pit_is_initialized@@YA_NXZ c00036b0 f   hal:pit.obj
 0001:000032d0       ?gdt_set_descriptor@@YAXI_K0EE@Z c00036d0 f   hal:gdt.obj
 0001:00003360       ?i86_gdt_get_descriptor@@YAPAUgdt_descriptor@@H@Z c0003760 f   hal:gdt.obj
 0001:00003380       ?i86_gdt_initialize@@YAHXZ c0003780 f   hal:gdt.obj
 0002:00000000       ??_C@_0DB@CDMKGOAJ@?6kernel_entry?3?5shutdown?5complete@ c0003a00     entry.obj
 0002:00000034       ??_C@_0L@MLJAOFLB@?6Command?$DO?5?$AA@ c0003a34     main.obj
 0002:00000040       ??_C@_0BJ@LNKPBMBK@?6?6?$AN?9?9?9?9?9?9?9?9?$FLEOF?$FN?9?9?9?9?9?9?9?9?$AA@ c0003a40     main.obj
 0002:0000005c       ??_C@_01LIIJDEN@?$AN?$AA@  c0003a5c     main.obj
 0002:00000060       ??_C@_0CI@JJFNBDFN@?6?$AN?9?9?9?9?9?9?$FLPress?5a?5key?5to?5continue@ c0003a60     main.obj
 0002:00000088       ??_C@_0BI@HJCCHEDJ@?6?6?$AN?9?9?9?9?9?9?9?$FL?$CFs?$FN?9?9?9?9?9?9?9?6?$AN?$AA@ c0003a88     main.obj
 0002:000000a0       ??_C@_0CL@IGCEHKEF@?6?$ANUnable?5to?5display?5contents?5of?5@ c0003aa0     main.obj
 0002:000000cc       ??_C@_0BG@NPMCOBMK@?6?$ANUnable?5to?5open?5file?$AA@ c0003acc     main.obj
 0002:000000e8       ??_C@_0EC@DJBDFLOM@?6?$ANex?3?5?$CCfile?4txt?$CC?0?5?$CCa?3?2file?4txt?$CC?0@ c0003ae8     main.obj
 0002:0000012c       ??_C@_0BA@CIFAFMB@?6Unkown?5command?$AA@ c0003b2c     main.obj
 0002:0000013c       ??_C@_04POLDLDMI@read?$AA@ c0003b3c     main.obj
 0002:00000144       ??_C@_0DG@ELCNPNPM@?5?9?5reset?3?5Resets?5and?5recalibrate@ c0003b44     main.obj
 0002:0000017c       ??_C@_0BH@DPOPOKJD@?5?9?5read?3?5reads?5a?5file?6?$AA@ c0003b7c     main.obj
 0002:00000194       ??_C@_0CA@LKFEMAAC@?5?9?5help?3?5displays?5this?5message?6?$AA@ c0003b94     main.obj
 0002:000001b4       ??_C@_0BM@JJGNGCAH@?5?9?5cls?3?5clears?5the?5display?6?$AA@ c0003bb4     main.obj
 0002:000001d0       ??_C@_0CF@IDBIJBJM@?5?9?5exit?3?5quits?5and?5halts?5the?5sys@ c0003bd0     main.obj
 0002:000001f8       ??_C@_0BF@EGIGJNNM@Supported?5commands?3?6?$AA@ c0003bf8     main.obj
 0002:00000210       ??_C@_0CM@OONCOEFG@?6OS?5Development?5Series?5VFS?5Progr@ c0003c10     main.obj
 0002:0000023c       ??_C@_04PCJFHION@help?$AA@ c0003c3c     main.obj
 0002:00000244       ??_C@_03LCPHGAHP@cls?$AA@  c0003c44     main.obj
 0002:00000248       ??_C@_04MKNBDEPB@exit?$AA@ c0003c48     main.obj
 0002:00000250       ??_C@_0CE@DNKFOACM@?6Exit?5command?5recieved?$DL?5demo?5hal@ c0003c50     main.obj
 0002:00000274       ??_C@_0DL@FPFEFPFC@?$CL?9?9?9?9?9?9?9?9?9?9?9?9?9?9?9?9?9?9?9?9?9?9?9?9?9?9?9?9?9?9?9@ c0003c74     main.obj
 0002:000002b0       ??_C@_0DF@BBBHLI@?6Type?5?$CCexit?$CC?5to?5quit?0?5?$CChelp?$CC?5for@ c0003cb0     main.obj
 0002:000002e8       ??_C@_0CC@FDCKEDOL@OSDev?5Series?5VFS?5Programming?5Dem@ c0003ce8     main.obj
 0002:00000310       ??_C@_0EG@EFLEAAGH@Divide?5by?50?5at?5physical?5address?5@ c0003d10     exception.obj
 0002:00000358       ??_C@_0M@HBBAMPBG@Single?5step?$AA@ c0003d58     exception.obj
 0002:00000364       ??_C@_08MAEPCHJN@NMI?5trap?$AA@ c0003d64     exception.obj
 0002:00000370       ??_C@_0BA@MJDBKJBI@Breakpoint?5trap?$AA@ c0003d70     exception.obj
 0002:00000380       ??_C@_0O@NPIPDPLG@Overflow?5trap?$AA@ c0003d80     exception.obj
 0002:00000390       ??_C@_0BD@OAFDEGEK@Bounds?5check?5fault?$AA@ c0003d90     exception.obj
 0002:000003a4       ??_C@_0P@GJJPHHDN@Invalid?5opcode?$AA@ c0003da4     exception.obj
 0002:000003b4       ??_C@_0BB@KJJKIIDM@Device?5not?5found?$AA@ c0003db4     exception.obj
 0002:000003c8       ??_C@_0N@EMHPBCJE@Double?5fault?$AA@ c0003dc8     exception.obj
 0002:000003d8       ??_C@_0M@OLMALBPG@Invalid?5TSS?$AA@ c0003dd8     exception.obj
 0002:000003e4       ??_C@_0BA@FIBIGBGL@Invalid?5segment?$AA@ c0003de4     exception.obj
 0002:000003f4       ??_C@_0M@LEEDKLOB@Stack?5fault?$AA@ c0003df4     exception.obj
 0002:00000400       ??_C@_0BJ@JKJOCMHH@General?5Protection?5Fault?$AA@ c0003e00     exception.obj
 0002:0000041c       ??_C@_09ENEAMLC@FPU?5Fault?$AA@ c0003e1c     exception.obj
 0002:00000428       ??_C@_0BA@DLJHEABO@Alignment?5Check?$AA@ c0003e28     exception.obj
 0002:00000438       ??_C@_0O@LALCKNGJ@Machine?5Check?$AA@ c0003e38     exception.obj
 0002:00000448       ??_C@_0P@JHGCNKG@FPU?5SIMD?5fault?$AA@ c0003e48     exception.obj
 0002:00000458       ??_C@_0BJE@GLDABDHN@?5?5?5?5?5?5?5?5?5?5?5?5?5?5?5?5?5?5?5?5?5?5?5?5?5?5?5?5?5?5?5?5@ c0003e58     panic.obj
 0002:000005ec       ??_C@_0N@PFILFPHL@?$CK?$CK?$CK?5STOP?3?5?$CFs?$AA@ c0003fec     panic.obj
 0002:00000600       ??_C@_0BCE@IIDFFEFH@We?5apologize?0?5MOS?5has?5encountere@ c0004000     panic.obj
 0002:00000724       ??_C@_05HOBJIFPH@FAT12?$AA@ c0004124     fat12:fat12.obj
 0003:00000000       ?__xc_a@@3PAP6AXXZA        c0004200     lib:cstd.obj
 0003:00000004       ?__xc_z@@3PAP6AXXZA        c0004204     lib:cstd.obj
 0003:00000008       ?video_memory@@3PAGA       c0004208     DebugDisplay.obj
 0003:0000000c       ?bchars@@3PADA             c000420c     DebugDisplay.obj
 0003:00000170       __fltused                  c0004370     lib:cstd.obj
 0003:00000178       ?kernelSize@@3IA           c0004378     main.obj
 0003:00000184       ?tbuf@@3PADA               c0004384     DebugDisplay.obj
 0003:000001a4       ?cursor_x@@3EA             c00043a4     DebugDisplay.obj
 0003:000001a5       ?cursor_y@@3EA             c00043a5     DebugDisplay.obj
 0003:000001a6       ?_color@@3EA               c00043a6     DebugDisplay.obj
 0003:000001a8       ?_FileSystems@@3PAPAU_FILE_SYSTEM@@A c00043a8     fsys.obj
 0003:00000224       ?_cur_directory@@3PAUpdirectory@@A c0004424     mmngr_virtual.obj
 0003:00000228       ?_cur_pdbr@@3IA            c0004428     mmngr_virtual.obj
 0003:00000240       ?_MountInfo@@3U_MOUNT_INFO@@A c0004440     fat12:fat12.obj
 0003:0000025c       ?_FSysFat@@3U_FILE_SYSTEM@@A c000445c     fat12:fat12.obj
 0003:00000278       ?FAT@@3PAEA                c0004478     fat12:fat12.obj

 entry point at        0000:00000000

 Static symbols

 0001:00003050       ?idt_install@@YAXXZ        c0003450 f   hal:idt.obj
 0001:00003060       ?i86_default_handler@@YAXXZ c0003460 f   hal:idt.obj
 0001:000032c0       ?gdt_install@@YAXXZ        c00036c0 f   hal:gdt.obj
