 KRNL32

 Timestamp is 5742945e (Sun May 22 23:25:50 2016)

 Preferred load address is c0000000

 Start         Length     Name                   Class
 0001:00000000 00003253H .text                   CODE
 0002:00000000 000006fcH .rdata                  DATA
 0003:00000000 00000004H .CRT$XCA                DATA
 0003:00000004 00000004H .CRT$XCZ                DATA
 0003:00000008 0000016cH .data                   DATA
 0003:00000178 000008b8H .bss                    DATA
 0004:00000000 00000058H .rsrc$01                DATA
 0004:00000060 000003c0H .rsrc$02                DATA

  Address         Publics by Value              Rva+Base       Lib:Object

 0000:00000000       ___safe_se_handler_count   00000000     <absolute>
 0000:00000000       ___safe_se_handler_table   00000000     <absolute>
 0001:00000000       ?kernel_entry@@YAXPAUmultiboot_info@@@Z c0000400 f   entry.obj
 0001:00000040       ?init@@YAXPAUmultiboot_info@@@Z c0000440 f   main.obj
 0001:000001d0       ?sleep@@YAXH@Z             c00005d0 f   main.obj
 0001:00000200       ?get_cmd@@YAXPADH@Z        c0000600 f   main.obj
 0001:00000310       ?cmd_read_sect@@YAXXZ      c0000710 f   main.obj
 0001:000003e0       ?run_cmd@@YA_NPAD@Z        c00007e0 f   main.obj
 0001:000004b0       ?run@@YAXXZ                c00008b0 f   main.obj
 0001:000004e0       ?kmain@@YAHPAUmultiboot_info@@@Z c00008e0 f   main.obj
 0001:00000540       ?scroll@@YAXXZ             c0000940 f   DebugDisplay.obj
 0001:000005b0       ?DebugPutc@@YAXE@Z         c00009b0 f   DebugDisplay.obj
 0001:00000660       ?itoa@@YAXIIPAD@Z          c0000a60 f   DebugDisplay.obj
 0001:000006c0       ?itoa_s@@YAXHIPAD@Z        c0000ac0 f   DebugDisplay.obj
 0001:000006f0       ?DebugSetColor@@YAII@Z     c0000af0 f   DebugDisplay.obj
 0001:00000710       ?DebugGotoXY@@YAXII@Z      c0000b10 f   DebugDisplay.obj
 0001:00000740       ?DebugGetXY@@YAXPAI0@Z     c0000b40 f   DebugDisplay.obj
 0001:00000770       ?DebugGetHorz@@YAHXZ       c0000b70 f   DebugDisplay.obj
 0001:00000780       ?DebugClrScr@@YAXE@Z       c0000b80 f   DebugDisplay.obj
 0001:000007d0       ?DebugPuts@@YAXPAD@Z       c0000bd0 f   DebugDisplay.obj
 0001:00000810       ?DebugPrintf@@YAHPBDZZ     c0000c10 f   DebugDisplay.obj
 0001:00000a70       ?divide_by_zero_fault@@YAXIIII@Z c0000e70 f   exception.obj
 0001:00000aa0       ?single_step_trap@@YAXIII@Z c0000ea0 f   exception.obj
 0001:00000ac0       ?nmi_trap@@YAXIII@Z        c0000ec0 f   exception.obj
 0001:00000ae0       ?breakpoint_trap@@YAXIII@Z c0000ee0 f   exception.obj
 0001:00000b00       ?overflow_trap@@YAXIII@Z   c0000f00 f   exception.obj
 0001:00000b20       ?bounds_check_fault@@YAXIII@Z c0000f20 f   exception.obj
 0001:00000b40       ?invalid_opcode_fault@@YAXIII@Z c0000f40 f   exception.obj
 0001:00000b60       ?no_device_fault@@YAXIII@Z c0000f60 f   exception.obj
 0001:00000b80       ?double_fault_abort@@YAXIIII@Z c0000f80 f   exception.obj
 0001:00000ba0       ?invalid_tss_fault@@YAXIIII@Z c0000fa0 f   exception.obj
 0001:00000bc0       ?no_segment_fault@@YAXIIII@Z c0000fc0 f   exception.obj
 0001:00000be0       ?stack_fault@@YAXIIII@Z    c0000fe0 f   exception.obj
 0001:00000c00       ?general_protection_fault@@YAXIIII@Z c0001000 f   exception.obj
 0001:00000c20       ?page_fault@@YAXIIII@Z     c0001020 f   exception.obj
 0001:00000c40       ?fpu_fault@@YAXIII@Z       c0001040 f   exception.obj
 0001:00000c60       ?alignment_check_fault@@YAXIIII@Z c0001060 f   exception.obj
 0001:00000c80       ?machine_check_abort@@YAXIII@Z c0001080 f   exception.obj
 0001:00000ca0       ?simd_fpu_fault@@YAXIII@Z  c00010a0 f   exception.obj
 0001:00000cc0       ?pmmngr_init_region@@YAXII@Z c00010c0 f   mmngr_phys.obj
 0001:00000d30       ?pmmngr_deinit_region@@YAXII@Z c0001130 f   mmngr_phys.obj
 0001:00000d90       ?pmmngr_paging_enable@@YAX_N@Z c0001190 f   mmngr_phys.obj
 0001:00000dc0       ?pmmngr_load_PDBR@@YAXI@Z  c00011c0 f   mmngr_phys.obj
 0001:00000dd0       ?mmap_first_free@@YAHXZ    c00011d0 f   mmngr_phys.obj
 0001:00000e20       ?mmap_first_free_s@@YAHI@Z c0001220 f   mmngr_phys.obj
 0001:00000f20       ?pmmngr_init@@YAXII@Z      c0001320 f   mmngr_phys.obj
 0001:00000f60       ?pmmngr_alloc_block@@YAPAXXZ c0001360 f   mmngr_phys.obj
 0001:00000fc0       ?pmmngr_alloc_blocks@@YAPAXI@Z c00013c0 f   mmngr_phys.obj
 0001:00001040       ?vmmngr_initialize@@YAXXZ  c0001440 f   mmngr_virtual.obj
 0001:00001190       ?kernel_panic@@YAXPBDZZ    c0001590 f   panic.obj
 0001:000011e0       ?pt_entry_add_attrib@@YAXPAII@Z c00015e0 f i vmmngr_pte.obj
 0001:000011e0       ?pd_entry_add_attrib@@YAXPAII@Z c00015e0 f i vmmngr_pde.obj
 0001:000011f0       ?pd_entry_set_frame@@YAXPAII@Z c00015f0 f i vmmngr_pde.obj
 0001:000011f0       ?pt_entry_set_frame@@YAXPAII@Z c00015f0 f i vmmngr_pte.obj
 0001:00001210       ?kkybrd_set_leds@@YAX_N00@Z c0001610 f   keyboard:kybrd.obj
 0001:00001270       ?kkybrd_get_last_key@@YA?AW4KEYCODE@@XZ c0001670 f   keyboard:kybrd.obj
 0001:00001290       ?kkybrd_discard_last_key@@YAXXZ c0001690 f   keyboard:kybrd.obj
 0001:000012a0       ?kkybrd_key_to_ascii@@YADW4KEYCODE@@@Z c00016a0 f   keyboard:kybrd.obj
 0001:000013e0       ?i86_kybrd_irq@@YAXXZ      c00017e0 f   keyboard:kybrd.obj
 0001:000015c0       ?kkybrd_install@@YAXH@Z    c00019c0 f   keyboard:kybrd.obj
 0001:00001640       ?flpydsk_initialize_dma@@YAXXZ c0001a40 f   floppydisk:flpydsk.obj
 0001:000016b0       ?flpydsk_dma_read@@YAXXZ   c0001ab0 f   floppydisk:flpydsk.obj
 0001:000016d0       ?flpydsk_dma_write@@YAXXZ  c0001ad0 f   floppydisk:flpydsk.obj
 0001:000016f0       ?flpydsk_read_status@@YAEXZ c0001af0 f   floppydisk:flpydsk.obj
 0001:00001700       ?flpydsk_write_dor@@YAXE@Z c0001b00 f   floppydisk:flpydsk.obj
 0001:00001720       ?flpydsk_send_command@@YAXE@Z c0001b20 f   floppydisk:flpydsk.obj
 0001:00001760       ?flpydsk_read_data@@YAEXZ  c0001b60 f   floppydisk:flpydsk.obj
 0001:000017a0       ?flpydsk_write_ccr@@YAXE@Z c0001ba0 f   floppydisk:flpydsk.obj
 0001:000017c0       ?i86_flpy_irq@@YAXXZ       c0001bc0 f   floppydisk:flpydsk.obj
 0001:000017e0       ?flpydsk_check_int@@YAXPAI0@Z c0001be0 f   floppydisk:flpydsk.obj
 0001:00001810       ?flpydsk_control_motor@@YAX_N@Z c0001c10 f   floppydisk:flpydsk.obj
 0001:00001880       ?flpydsk_drive_data@@YAXIII_N@Z c0001c80 f   floppydisk:flpydsk.obj
 0001:000018c0       ?flpydsk_calibrate@@YAHI@Z c0001cc0 f   floppydisk:flpydsk.obj
 0001:00001a90       ?flpydsk_disable_controller@@YAXXZ c0001e90 f   floppydisk:flpydsk.obj
 0001:00001aa0       ?flpydsk_enable_controller@@YAXXZ c0001ea0 f   floppydisk:flpydsk.obj
 0001:00001ab0       ?flpydsk_reset@@YAXXZ      c0001eb0 f   floppydisk:flpydsk.obj
 0001:00001c50       ?flpydsk_read_sector_imp@@YAXEEE@Z c0002050 f   floppydisk:flpydsk.obj
 0001:00001dc0       ?flpydsk_seek@@YAHII@Z     c00021c0 f   floppydisk:flpydsk.obj
 0001:00001f60       ?flpydsk_lba_to_chs@@YAXHPAH00@Z c0002360 f   floppydisk:flpydsk.obj
 0001:00001fd0       ?flpydsk_install@@YAXH@Z   c00023d0 f   floppydisk:flpydsk.obj
 0001:00002010       ?flpydsk_set_working_drive@@YAXE@Z c0002410 f   floppydisk:flpydsk.obj
 0001:00002020       ?flpydsk_get_working_drive@@YAEXZ c0002420 f   floppydisk:flpydsk.obj
 0001:00002030       ?flpydsk_read_sector@@YAPAEH@Z c0002430 f   floppydisk:flpydsk.obj
 0001:00002130       ?_initterm@@YAXPAP6AXXZ0@Z c0002530 f   lib:cstd.obj
 0001:00002160       ?_atexit_init@@YAXXZ       c0002560 f   lib:cstd.obj
 0001:00002180       _atexit                    c0002580 f   lib:cstd.obj
 0001:000021d0       ?Exit@@YAXXZ               c00025d0 f   lib:cstd.obj
 0001:00002210       ?InitializeConstructors@@YAXXZ c0002610 f   lib:cstd.obj
 0001:00002230       ?_purecall_handler@@YAHXZ  c0002630 f   lib:cstd.obj
 0001:00002240       __CIcos                    c0002640 f   lib:cstd.obj
 0001:00002250       __CIsin                    c0002650 f   lib:cstd.obj
 0001:00002260       __CIsqrt                   c0002660 f   lib:cstd.obj
 0001:00002270       __ftol2_sse                c0002670 f   lib:cstd.obj
 0001:00002280       __aullshr                  c0002680 f   lib:cstd.obj
 0001:000022a0       ??2@YAPAXI@Z               c00026a0 f   lib:cstd.obj
 0001:000022b0       ??_U@YAPAXI@Z              c00026b0 f   lib:cstd.obj
 0001:000022c0       ??3@YAXPAX@Z               c00026c0 f   lib:cstd.obj
 0001:000022d0       ??_V@YAXPAX@Z              c00026d0 f   lib:cstd.obj
 0001:000022e0       ?vsprintf@@YAHPADPBDPAE@Z  c00026e0 f   lib:stdio.obj
 0001:00002570       ?strtol@@YAJPBDPAPADH@Z    c0002970 f   lib:stdio.obj
 0001:000027d0       ?strtoul@@YAKPBDPAPADH@Z   c0002bd0 f   lib:stdio.obj
 0001:00002a10       ?atoi@@YAHPBD@Z            c0002e10 f   lib:stdio.obj
 0001:00002a30       ?strcmp@@YAHPBD0@Z         c0002e30 f   lib:string.obj
 0001:00002a90       ?strcpy@@YAPADPADPBD@Z     c0002e90 f   lib:string.obj
 0001:00002ad0       ?strlen@@YAIPBD@Z          c0002ed0 f   lib:string.obj
 0001:00002b00       ?memcpy@@YAPAXPAXPBXI@Z    c0002f00 f   lib:string.obj
 0001:00002b50       ?memset@@YAPAXPAXDI@Z      c0002f50 f   lib:string.obj
 0001:00002b80       ?memsetw@@YAPAGPAGGI@Z     c0002f80 f   lib:string.obj
 0001:00002bc0       ?hal_shutdown@@YAHXZ       c0002fc0 f   hal:Hal.obj
 0001:00002bd0       ?geninterrupt@@YAXH@Z      c0002fd0 f   hal:Hal.obj
 0001:00002bf0       ?inportb@@YAEG@Z           c0002ff0 f   hal:Hal.obj
 0001:00002c00       ?outportb@@YAXGE@Z         c0003000 f   hal:Hal.obj
 0001:00002c10       ?enable@@YAXXZ             c0003010 f   hal:Hal.obj
 0001:00002c20       ?disable@@YAXXZ            c0003020 f   hal:Hal.obj
 0001:00002c30       ?setvect@@YAXHA6AXXZ@Z     c0003030 f   hal:Hal.obj
 0001:00002c50       ?getvect@@YAP6AXXZH@Z      c0003050 f   hal:Hal.obj
 0001:00002c80       ?get_cpu_vender@@YAPBDXZ   c0003080 f   hal:Hal.obj
 0001:00002c90       ?get_tick_count@@YAHXZ     c0003090 f   hal:Hal.obj
 0001:00002ca0       ?hal_initialize@@YAHXZ     c00030a0 f   hal:Hal.obj
 0001:00002cd0       ?sound@@YAXI@Z             c00030d0 f   hal:Hal.obj
 0001:00002cf0       ?interruptdone@@YAXI@Z     c00030f0 f i hal:Hal.obj
 0001:00002d20       ?i86_cpu_initialize@@YAHXZ c0003120 f   hal:cpu.obj
 0001:00002d40       ?i86_cpu_shutdown@@YAXXZ   c0003140 f   hal:cpu.obj
 0001:00002d50       ?i86_cpu_get_vender@@YAPADXZ c0003150 f   hal:cpu.obj
 0001:00002d80       ?i86_cpu_flush_caches@@YAXXZ c0003180 f   hal:cpu.obj
 0001:00002d90       ?i86_cpu_flush_caches_write@@YAXXZ c0003190 f   hal:cpu.obj
 0001:00002da0       ?i86_cpu_flush_tlb_entry@@YAXI@Z c00031a0 f   hal:cpu.obj
 0001:00002db0       ?i86_pic_send_command@@YAXEE@Z c00031b0 f i hal:pic.obj
 0001:00002de0       ?i86_pic_initialize@@YAXEE@Z c00031e0 f   hal:pic.obj
 0001:00002e70       ?i86_get_ir@@YAPAUidt_descriptor@@I@Z c0003270 f   hal:idt.obj
 0001:00002e90       ?i86_install_ir@@YAHIGGP6AXXZ@Z c0003290 f   hal:idt.obj
 0001:00002ee0       ?i86_idt_initialize@@YAHG@Z c00032e0 f   hal:idt.obj
 0001:00002f70       ?i86_pit_irq@@YAXXZ        c0003370 f   hal:pit.obj
 0001:00002f90       ?i86_pit_set_tick_count@@YAII@Z c0003390 f   hal:pit.obj
 0001:00002fa0       ?i86_pit_get_tick_count@@YAIXZ c00033a0 f   hal:pit.obj
 0001:00002fb0       ?i86_pit_send_command@@YAXE@Z c00033b0 f   hal:pit.obj
 0001:00002fc0       ?i86_pit_send_data@@YAXGE@Z c00033c0 f   hal:pit.obj
 0001:00002ff0       ?i86_pit_read_data@@YAEG@Z c00033f0 f   hal:pit.obj
 0001:00003030       ?i86_pit_start_counter@@YAXIEE@Z c0003430 f   hal:pit.obj
 0001:00003090       ?i86_pit_initialize@@YAXXZ c0003490 f   hal:pit.obj
 0001:000030b0       ?i86_pit_is_initialized@@YA_NXZ c00034b0 f   hal:pit.obj
 0001:000030d0       ?gdt_set_descriptor@@YAXI_K0EE@Z c00034d0 f   hal:gdt.obj
 0001:00003160       ?i86_gdt_get_descriptor@@YAPAUgdt_descriptor@@H@Z c0003560 f   hal:gdt.obj
 0001:00003180       ?i86_gdt_initialize@@YAHXZ c0003580 f   hal:gdt.obj
 0002:00000000       ??_C@_0DB@CDMKGOAJ@?6kernel_entry?3?5shutdown?5complete@ c0003800     entry.obj
 0002:00000034       ??_C@_0L@MLJAOFLB@?6Command?$DO?5?$AA@ c0003834     main.obj
 0002:00000040       ??_C@_0CF@JJECCION@?6?$AN?$CK?$CK?$CK?5Error?5reading?5sector?5from?5@ c0003840     main.obj
 0002:00000068       ??_C@_07HLIDHFKP@?6?$ANDone?4?$AA@ c0003868     main.obj
 0002:00000070       ??_C@_0BO@OEDGIEJ@?6?$ANPress?5any?5key?5to?5continue?6?$AN?$AA@ c0003870     main.obj
 0002:00000090       ??_C@_05NLGPLALJ@0x?$CFx?5?$AA@ c0003890     main.obj
 0002:00000098       ??_C@_0BJ@ECMCOPFG@?6?$ANSector?5?$CFi?5contents?3?6?6?$AN?$AA@ c0003898     main.obj
 0002:000000b4       ??_C@_0DE@DFEJCBIF@?6?$ANPlease?5type?5in?5the?5sector?5numb@ c00038b4     main.obj
 0002:000000e8       ??_C@_0BA@CIFAFMB@?6Unkown?5command?$AA@ c00038e8     main.obj
 0002:000000f8       ??_C@_04POLDLDMI@read?$AA@ c00038f8     main.obj
 0002:00000100       ??_C@_0DG@ELCNPNPM@?5?9?5reset?3?5Resets?5and?5recalibrate@ c0003900     main.obj
 0002:00000138       ??_C@_0DJ@GPHPHACD@?5?9?5read?3?5reads?5a?5specific?5sector@ c0003938     main.obj
 0002:00000174       ??_C@_0CA@LKFEMAAC@?5?9?5help?3?5displays?5this?5message?6?$AA@ c0003974     main.obj
 0002:00000194       ??_C@_0BM@JJGNGCAH@?5?9?5cls?3?5clears?5the?5display?6?$AA@ c0003994     main.obj
 0002:000001b0       ??_C@_0CF@IDBIJBJM@?5?9?5exit?3?5quits?5and?5halts?5the?5sys@ c00039b0     main.obj
 0002:000001d8       ??_C@_0BF@EGIGJNNM@Supported?5commands?3?6?$AA@ c00039d8     main.obj
 0002:000001f0       ??_C@_0CI@GDADPPEK@?6OS?5Development?5Series?5Floppy?5Di@ c00039f0     main.obj
 0002:00000218       ??_C@_04PCJFHION@help?$AA@ c0003a18     main.obj
 0002:00000220       ??_C@_03LCPHGAHP@cls?$AA@  c0003a20     main.obj
 0002:00000224       ??_C@_04MKNBDEPB@exit?$AA@ c0003a24     main.obj
 0002:0000022c       ??_C@_0CE@DNKFOACM@?6Exit?5command?5recieved?$DL?5demo?5hal@ c0003a2c     main.obj
 0002:00000250       ??_C@_0DL@FPFEFPFC@?$CL?9?9?9?9?9?9?9?9?9?9?9?9?9?9?9?9?9?9?9?9?9?9?9?9?9?9?9?9?9?9?9@ c0003a50     main.obj
 0002:0000028c       ??_C@_0DF@BBBHLI@?6Type?5?$CCexit?$CC?5to?5quit?0?5?$CChelp?$CC?5for@ c0003a8c     main.obj
 0002:000002c4       ??_C@_0CC@MBECBMIB@OSDev?5Series?5FDC?5Programming?5Dem@ c0003ac4     main.obj
 0002:000002e8       ??_C@_0EG@EFLEAAGH@Divide?5by?50?5at?5physical?5address?5@ c0003ae8     exception.obj
 0002:00000330       ??_C@_0M@HBBAMPBG@Single?5step?$AA@ c0003b30     exception.obj
 0002:0000033c       ??_C@_08MAEPCHJN@NMI?5trap?$AA@ c0003b3c     exception.obj
 0002:00000348       ??_C@_0BA@MJDBKJBI@Breakpoint?5trap?$AA@ c0003b48     exception.obj
 0002:00000358       ??_C@_0O@NPIPDPLG@Overflow?5trap?$AA@ c0003b58     exception.obj
 0002:00000368       ??_C@_0BD@OAFDEGEK@Bounds?5check?5fault?$AA@ c0003b68     exception.obj
 0002:0000037c       ??_C@_0P@GJJPHHDN@Invalid?5opcode?$AA@ c0003b7c     exception.obj
 0002:0000038c       ??_C@_0BB@KJJKIIDM@Device?5not?5found?$AA@ c0003b8c     exception.obj
 0002:000003a0       ??_C@_0N@EMHPBCJE@Double?5fault?$AA@ c0003ba0     exception.obj
 0002:000003b0       ??_C@_0M@OLMALBPG@Invalid?5TSS?$AA@ c0003bb0     exception.obj
 0002:000003bc       ??_C@_0BA@FIBIGBGL@Invalid?5segment?$AA@ c0003bbc     exception.obj
 0002:000003cc       ??_C@_0M@LEEDKLOB@Stack?5fault?$AA@ c0003bcc     exception.obj
 0002:000003d8       ??_C@_0BJ@JKJOCMHH@General?5Protection?5Fault?$AA@ c0003bd8     exception.obj
 0002:000003f4       ??_C@_09ENEAMLC@FPU?5Fault?$AA@ c0003bf4     exception.obj
 0002:00000400       ??_C@_0BA@DLJHEABO@Alignment?5Check?$AA@ c0003c00     exception.obj
 0002:00000410       ??_C@_0O@LALCKNGJ@Machine?5Check?$AA@ c0003c10     exception.obj
 0002:00000420       ??_C@_0P@JHGCNKG@FPU?5SIMD?5fault?$AA@ c0003c20     exception.obj
 0002:00000430       ??_C@_0BJE@DIIIEOKN@?5?5?5?5?5?5?5?5?5?5?5?5?5?5?5?5?5?5?5?5?5?5?5?5?5?5?5?5?5?5?5?5@ c0003c30     panic.obj
 0002:000005c4       ??_C@_0N@PFILFPHL@?$CK?$CK?$CK?5STOP?3?5?$CFs?$AA@ c0003dc4     panic.obj
 0002:000005d8       ??_C@_0BCE@IIDFFEFH@We?5apologize?0?5MOS?5has?5encountere@ c0003dd8     panic.obj
 0003:00000000       ?__xc_a@@3PAP6AXXZA        c0004000     lib:cstd.obj
 0003:00000004       ?__xc_z@@3PAP6AXXZA        c0004004     lib:cstd.obj
 0003:00000008       ?video_memory@@3PAGA       c0004008     DebugDisplay.obj
 0003:0000000c       ?bchars@@3PADA             c000400c     DebugDisplay.obj
 0003:00000170       __fltused                  c0004170     lib:cstd.obj
 0003:00000178       ?kernelSize@@3IA           c0004178     main.obj
 0003:00000184       ?tbuf@@3PADA               c0004184     DebugDisplay.obj
 0003:000001a4       ?cursor_x@@3EA             c00041a4     DebugDisplay.obj
 0003:000001a5       ?cursor_y@@3EA             c00041a5     DebugDisplay.obj
 0003:000001a6       ?_color@@3EA               c00041a6     DebugDisplay.obj
 0003:000001b8       ?_cur_directory@@3PAUpdirectory@@A c00041b8     mmngr_virtual.obj
 0003:000001bc       ?_cur_pdbr@@3IA            c00041bc     mmngr_virtual.obj

 entry point at        0000:00000000

 Static symbols

 0001:00002e50       ?idt_install@@YAXXZ        c0003250 f   hal:idt.obj
 0001:00002e60       ?i86_default_handler@@YAXXZ c0003260 f   hal:idt.obj
 0001:000030c0       ?gdt_install@@YAXXZ        c00034c0 f   hal:gdt.obj
